
=== Sun Jun 21 11:13:55 2020

Packages were changed.
Update Mode: mergeDefaultDependencies

The following packages were added:
  com.unity.collab-proxy@1.2.16
  com.unity.ide.rider@1.1.4
  com.unity.ide.vscode@1.1.4
  com.unity.modules.ai@1.0.0
  com.unity.modules.androidjni@1.0.0
  com.unity.modules.animation@1.0.0
  com.unity.modules.assetbundle@1.0.0
  com.unity.modules.audio@1.0.0
  com.unity.modules.cloth@1.0.0
  com.unity.modules.director@1.0.0
  com.unity.modules.imageconversion@1.0.0
  com.unity.modules.imgui@1.0.0
  com.unity.modules.jsonserialize@1.0.0
  com.unity.modules.particlesystem@1.0.0
  com.unity.modules.physics@1.0.0
  com.unity.modules.physics2d@1.0.0
  com.unity.modules.screencapture@1.0.0
  com.unity.modules.terrain@1.0.0
  com.unity.modules.terrainphysics@1.0.0
  com.unity.modules.tilemap@1.0.0
  com.unity.modules.ui@1.0.0
  com.unity.modules.uielements@1.0.0
  com.unity.modules.umbra@1.0.0
  com.unity.modules.unityanalytics@1.0.0
  com.unity.modules.unitywebrequest@1.0.0
  com.unity.modules.unitywebrequestassetbundle@1.0.0
  com.unity.modules.unitywebrequestaudio@1.0.0
  com.unity.modules.unitywebrequesttexture@1.0.0
  com.unity.modules.unitywebrequestwww@1.0.0
  com.unity.modules.vehicles@1.0.0
  com.unity.modules.video@1.0.0
  com.unity.modules.vr@1.0.0
  com.unity.modules.wind@1.0.0
  com.unity.modules.xr@1.0.0
  com.unity.test-framework@1.1.11
  com.unity.textmeshpro@2.0.1
  com.unity.timeline@1.2.12
  com.unity.ugui@1.0.0

=== Sun Jun 21 11:35:40 2020

Packages were changed.
Update Mode: updateDependencies

The following packages were updated:
  com.unity.ide.vscode from version 1.1.4 to 1.2.1
  com.unity.test-framework from version 1.1.11 to 1.1.14

=== Wed Oct 27 19:53:03 2021

Packages were changed.
Update Mode: updateDependencies

The following packages were added:
  com.unity.ide.visualstudio@2.0.11
The following packages were updated:
  com.unity.collab-proxy from version 1.2.16 to 1.13.5
  com.unity.ide.rider from version 1.1.4 to 2.0.7
  com.unity.ide.vscode from version 1.2.1 to 1.2.4
  com.unity.test-framework from version 1.1.14 to 1.1.29
  com.unity.textmeshpro from version 2.0.1 to 3.0.6
  com.unity.timeline from version 1.2.12 to 1.4.8
  com.unity.inputsystem from version 1.0.0 to 1.0.2

=== Thu Oct 28 00:32:12 2021

Packages were changed.
Update Mode: updateDependencies

The following packages were updated:
  com.unity.ide.rider from version 2.0.7 to 3.0.7
  com.unity.inputsystem from version 1.0.2 to 1.1.1
  com.unity.timeline from version 1.4.8 to 1.6.2

=== Sat Jul 23 10:39:39 2022

Packages were changed.
Update Mode: updateDependencies

The following packages were updated:
  com.unity.2d.animation from version 5.0.10 to 5.2.0
  com.unity.collab-proxy from version 1.13.5 to 1.17.0
  com.unity.ide.visualstudio from version 2.0.15 to 2.0.16
  com.unity.ide.vscode from version 1.2.4 to 1.2.5
  com.unity.inputsystem from version 1.1.1 to 1.3.0
  com.unity.render-pipelines.universal from version 10.6.0 to 10.9.0
  com.unity.test-framework from version 1.1.29 to 1.1.31

=== Tue Sep  6 00:26:07 2022

Packages were changed.
Update Mode: updateDependencies

The following packages were updated:
  com.unity.collab-proxy from version 1.17.0 to 1.17.2
  com.unity.inputsystem from version 1.3.0 to 1.4.1
  com.unity.render-pipelines.universal from version 10.9.0 to 10.10.0

=== Tue Sep  6 12:46:15 2022

Packages were changed.
Update Mode: updateDependencies

The following packages were updated:
  com.unity.2d.animation from version 5.2.0 to 7.0.6
  com.unity.2d.pixel-perfect from version 4.0.1 to 5.0.1
  com.unity.ide.rider from version 3.0.7 to 3.0.15
  com.unity.render-pipelines.universal from version 10.10.0 to 12.1.7
  com.unity.timeline from version 1.6.2 to 1.6.4
  com.unity.visualeffectgraph from version 10.10.0 to 12.1.7

=== Sat Sep 17 14:43:49 2022

Packages were changed.
Update Mode: updateDependencies

The following packages were updated:
  com.unity.2d.animation from version 7.0.6 to 7.0.7

=== Wed Oct 26 14:06:46 2022

Packages were changed.
Update Mode: updateDependencies

The following packages were updated:
  com.unity.2d.animation from version 7.0.7 to 7.0.8

=== Thu Nov 17 23:57:03 2022

Packages were changed.
Update Mode: updateDependencies

The following packages were updated:
  com.unity.collab-proxy from version 1.17.2 to 1.17.6

=== Sun Nov 20 05:22:20 2022

Packages were changed.
Update Mode: updateDependencies

The following packages were updated:
  com.unity.ide.rider from version 3.0.15 to 3.0.16
  com.unity.inputsystem from version 1.4.3 to 1.4.4
  com.unity.render-pipelines.universal from version 12.1.7 to 12.1.8
  com.unity.visualeffectgraph from version 12.1.7 to 12.1.8

=== Fri Dec  2 09:39:58 2022

Packages were changed.
Update Mode: updateDependencies

The following packages were updated:
  com.unity.2d.animation from version 7.0.8 to 7.0.9
  com.unity.2d.pixel-perfect from version 5.0.1 to 5.0.3
  com.unity.collab-proxy from version 1.17.6 to 1.17.7

=== Thu Jan 26 11:03:07 2023

Packages were changed.
Update Mode: updateDependencies

The following packages were updated:
  com.unity.ide.rider from version 3.0.16 to 3.0.18
  com.unity.ide.visualstudio from version 2.0.16 to 2.0.17
  com.unity.render-pipelines.universal from version 12.1.8 to 12.1.9
  com.unity.visualeffectgraph from version 12.1.8 to 12.1.9

=== Fri Feb  3 11:56:41 2023

Packages were changed.
Update Mode: updateDependencies

The following packages were updated:
  com.unity.collab-proxy from version 1.17.7 to 2.0.0
  com.unity.render-pipelines.universal from version 12.1.9 to 12.1.10
  com.unity.visualeffectgraph from version 12.1.9 to 12.1.10

=== Wed Mar  8 12:22:29 2023

Packages were changed.
Update Mode: updateDependencies

The following packages were updated:
  com.unity.collab-proxy from version 2.0.0 to 2.0.1
  com.unity.inputsystem from version 1.4.4 to 1.5.0

=== Sat Apr 15 11:52:26 2023

Packages were changed.
Update Mode: updateDependencies

The following packages were updated:
  com.unity.2d.animation from version 7.0.9 to 7.0.10
  com.unity.collab-proxy from version 2.0.1 to 2.0.3
  com.unity.inputsystem from version 1.5.0 to 1.5.1
  com.unity.nuget.newtonsoft-json from version 3.0.2 to 3.1.0
  com.unity.render-pipelines.universal from version 12.1.10 to 12.1.11
  com.unity.visualeffectgraph from version 12.1.10 to 12.1.11

=== Fri May 12 16:21:57 2023

Packages were changed.
Update Mode: updateDependencies

The following packages were updated:
  com.unity.collab-proxy from version 2.0.3 to 2.0.4
  com.unity.ide.rider from version 3.0.18 to 3.0.21
  com.unity.ide.visualstudio from version 2.0.17 to 2.0.18
  com.unity.nuget.newtonsoft-json from version 3.1.0 to 3.2.0
  com.unity.timeline from version 1.6.4 to 1.6.5

=== Fri Jul 21 21:40:17 2023

Packages were changed.
Update Mode: updateDependencies

The following packages were added:
  com.unity.ai.navigation@1.1.4
The following packages were updated:
  com.unity.2d.animation from version 7.0.10 to 9.0.3
  com.unity.collab-proxy from version 2.0.4 to 2.0.5
  com.unity.ide.rider from version 3.0.21 to 3.0.24
  com.unity.inputsystem from version 1.5.1 to 1.6.1
  com.unity.nuget.newtonsoft-json from version 3.2.0 to 3.2.1
  com.unity.render-pipelines.universal from version 12.1.11 to 14.0.8
  com.unity.timeline from version 1.6.5 to 1.7.5
  com.unity.visualeffectgraph from version 12.1.11 to 14.0.8

=== Sat Nov 18 15:49:13 2023

Packages were changed.
Update Mode: updateDependencies

The following packages were added:
  com.unity.ai.navigation@1.1.5
The following packages were updated:
  com.unity.collab-proxy from version 2.0.4 to 2.2.0
  com.unity.feature.2d from version 1.0.0 to 2.0.0
  com.unity.inputsystem from version 1.6.3 to 1.7.0
  com.unity.render-pipelines.high-definition from version 12.1.11 to 14.0.9
  com.unity.render-pipelines.universal from version 12.1.11 to 14.0.9
  com.unity.test-framework from version 1.1.31 to 1.1.33
  com.unity.timeline from version 1.6.5 to 1.7.6
  com.unity.visualscripting from version 1.8.0 to 1.9.1

=== Sat Feb 10 19:13:28 2024

Packages were changed.
Update Mode: updateDependencies

The following packages were updated:
  com.unity.ide.rider from version 3.0.26 to 3.0.27
  com.unity.render-pipelines.high-definition from version 14.0.9 to 14.0.10
  com.unity.render-pipelines.universal from version 14.0.9 to 14.0.10

=== Tue May 21 12:14:05 2024

Packages were changed.
Update Mode: updateDependencies

The following packages were updated:
  com.unity.collab-proxy from version 2.2.0 to 2.3.1
  com.unity.ide.rider from version 3.0.27 to 3.0.28
  com.unity.render-pipelines.high-definition from version 14.0.10 to 14.0.11
  com.unity.render-pipelines.universal from version 14.0.10 to 14.0.11
  com.unity.visualscripting from version 1.9.1 to 1.9.4

=== Fri Jun 28 17:56:27 2024

Packages were changed.
Update Mode: updateDependencies

The following packages were updated:
  com.unity.feature.2d from version 2.0.0 to 2.0.1
